../Core/Src/pong_gameplay.c:30:24:snake_opposite_direction	16	static
../Core/Src/pong_gameplay.c:46:6:snake_plot	32	static
../Core/Src/pong_gameplay.c:73:6:fruit_plot	24	static
../Core/Src/pong_gameplay.c:89:6:snake_game_init	24	static
../Core/Src/pong_gameplay.c:109:6:pacify_compiler	8	static
../Core/Src/pong_gameplay.c:116:6:snake_heading_update	32	static
../Core/Src/pong_gameplay.c:146:6:snake_place_fruit	40	static
../Core/Src/pong_gameplay.c:186:7:find_next_head	24	static
../Core/Src/pong_gameplay.c:215:6:snake_periodic_play	56	static
../Core/Src/pong_gameplay.c:278:6:pong_init	16	static
../Core/Src/pong_gameplay.c:306:6:ball_state	16	static
../Core/Src/pong_gameplay.c:325:6:bar_update	32	static
../Core/Src/pong_gameplay.c:387:6:ball_plot	16	static
../Core/Src/pong_gameplay.c:393:6:bars_plot	16	static
../Core/Src/pong_gameplay.c:406:6:check_ball_collision	16	static
../Core/Src/pong_gameplay.c:438:6:pong_periodic_play	40	static
